// Jest Snapshot v1, https://goo.gl/fbAQLP

exports[`MainPageCenterLoading should display main page center loading 1`] = `
@keyframes animation-0 {
  0% {
    -webkit-transform: rotate(0deg);
    -moz-transform: rotate(0deg);
    -ms-transform: rotate(0deg);
    transform: rotate(0deg);
  }

  100% {
    -webkit-transform: rotate(360deg);
    -moz-transform: rotate(360deg);
    -ms-transform: rotate(360deg);
    transform: rotate(360deg);
  }
}

@keyframes animation-1 {
  0% {
    stroke-dasharray: 1px,200px;
    stroke-dashoffset: 0;
  }

  50% {
    stroke-dasharray: 100px,200px;
    stroke-dashoffset: -15px;
  }

  100% {
    stroke-dasharray: 100px,200px;
    stroke-dashoffset: -125px;
  }
}

.emotion-0 {
  position: fixed;
  display: -webkit-box;
  display: -webkit-flex;
  display: -ms-flexbox;
  display: flex;
  -webkit-align-items: center;
  -webkit-box-align: center;
  -ms-flex-align: center;
  align-items: center;
  -webkit-box-pack: center;
  -ms-flex-pack: center;
  -webkit-justify-content: center;
  justify-content: center;
  right: 0;
  bottom: 0;
  top: 0;
  left: 0;
  background-color: rgba(0, 0, 0, 0.5);
  -webkit-tap-highlight-color: transparent;
  color: #fff;
  z-index: 1201;
}

.emotion-1 {
  display: inline-block;
  -webkit-animation: animation-0 1.4s linear infinite;
  animation: animation-0 1.4s linear infinite;
}

.emotion-2 {
  display: block;
}

.emotion-3 {
  stroke: currentColor;
  stroke-dasharray: 80px,200px;
  stroke-dashoffset: 0;
  -webkit-animation: animation-1 1.4s ease-in-out infinite;
  animation: animation-1 1.4s ease-in-out infinite;
}

<div>
  <div
    aria-hidden="true"
    class="MuiBackdrop-root  emotion-0"
    style="opacity: 1; webkit-transition: opacity 225ms cubic-bezier(0.4, 0, 0.2, 1) 0ms; transition: opacity 225ms cubic-bezier(0.4, 0, 0.2, 1) 0ms;"
  >
    <span
      class="MuiCircularProgress-root MuiCircularProgress-indeterminate MuiCircularProgress-colorInherit  emotion-1"
      role="progressbar"
      style="width: 40px; height: 40px;"
    >
      <svg
        class="MuiCircularProgress-svg  emotion-2"
        viewBox="22 22 44 44"
      >
        <circle
          class="MuiCircularProgress-circle MuiCircularProgress-circleIndeterminate  emotion-3"
          cx="44"
          cy="44"
          fill="none"
          r="20.2"
          stroke-width="3.6"
        />
      </svg>
    </span>
  </div>
</div>
`;
